<?xml version="1.0" encoding="UTF-8"?>
<testsuites name="jest tests" tests="22" failures="0" time="2.278">
  <testsuite name="测试 ControllCount 以下行为" errors="0" failures="0" skipped="0" timestamp="2019-12-16T07:31:27" time="1.3" tests="9">
    <testcase classname="测试 ControllCount 以下行为 ControllCount 存在" name="测试 ControllCount 以下行为 ControllCount 存在" time="0.003">
    </testcase>
    <testcase classname="测试 ControllCount 以下行为 ControllCount count/maxCount/minCount/readOnly, 默认值" name="测试 ControllCount 以下行为 ControllCount count/maxCount/minCount/readOnly, 默认值" time="0.011">
    </testcase>
    <testcase classname="测试 ControllCount 以下行为 ControllCount 设置 count/maxCount/minCount/readOnly" name="测试 ControllCount 以下行为 ControllCount 设置 count/maxCount/minCount/readOnly" time="0.004">
    </testcase>
    <testcase classname="测试 ControllCount 以下行为 ControllCount 设置 button click,触发 onChange 事件" name="测试 ControllCount 以下行为 ControllCount 设置 button click,触发 onChange 事件" time="0.007">
    </testcase>
    <testcase classname="测试 ControllCount 以下行为 ControllCount 设置 button click,不触发 onChange 事件" name="测试 ControllCount 以下行为 ControllCount 设置 button click,不触发 onChange 事件" time="0.002">
    </testcase>
    <testcase classname="测试 ControllCount 以下行为 ControllCount 设置 button click,不触发 onChange 事件" name="测试 ControllCount 以下行为 ControllCount 设置 button click,不触发 onChange 事件" time="0.003">
    </testcase>
    <testcase classname="测试 ControllCount 以下行为 ControllCount 不触发 onChange 事件" name="测试 ControllCount 以下行为 ControllCount 不触发 onChange 事件" time="0.005">
    </testcase>
    <testcase classname="测试 ControllCount 以下行为 ControllCount 设置 自定义类名" name="测试 ControllCount 以下行为 ControllCount 设置 自定义类名" time="0.002">
    </testcase>
    <testcase classname="测试 ControllCount 以下行为 ControllCount 设置 自定义样式" name="测试 ControllCount 以下行为 ControllCount 设置 自定义样式" time="0.006">
    </testcase>
  </testsuite>
  <testsuite name="测试 Scroll 以下行为" errors="0" failures="0" skipped="0" timestamp="2019-12-16T07:31:28" time="0.559" tests="2">
    <testcase classname="测试 Scroll 以下行为 Scroll 存在" name="测试 Scroll 以下行为 Scroll 存在" time="0.013">
    </testcase>
    <testcase classname="测试 Scroll 以下行为 Scroll 设置 pullingHeight" name="测试 Scroll 以下行为 Scroll 设置 pullingHeight" time="0.033">
    </testcase>
  </testsuite>
  <testsuite name="测试 Input 以下行为" errors="0" failures="0" skipped="0" timestamp="2019-12-16T07:31:28" time="0.331" tests="11">
    <testcase classname="测试 Input 以下行为 Input 存在" name="测试 Input 以下行为 Input 存在" time="0.003">
    </testcase>
    <testcase classname="测试 Input 以下行为 Input type/errorPosition/labelPosition 默认值分别为 text、right、top" name="测试 Input 以下行为 Input type/errorPosition/labelPosition 默认值分别为 text、right、top" time="0.01">
    </testcase>
    <testcase classname="测试 Input 以下行为 Input 设置 size" name="测试 Input 以下行为 Input 设置 size" time="0.006">
    </testcase>
    <testcase classname="测试 Input 以下行为 Input 设置 type" name="测试 Input 以下行为 Input 设置 type" time="0.005">
    </testcase>
    <testcase classname="测试 Input 以下行为 Input 设置 label &amp; labelPosition" name="测试 Input 以下行为 Input 设置 label &amp; labelPosition" time="0.002">
    </testcase>
    <testcase classname="测试 Input 以下行为 Input 设置 error &amp; errorPosition" name="测试 Input 以下行为 Input 设置 error &amp; errorPosition" time="0.005">
    </testcase>
    <testcase classname="测试 Input 以下行为 Input 设置 onEnter、onKeyDown、onChange 事件" name="测试 Input 以下行为 Input 设置 onEnter、onKeyDown、onChange 事件" time="0.004">
    </testcase>
    <testcase classname="测试 Input 以下行为 Input 设置 before &amp; after" name="测试 Input 以下行为 Input 设置 before &amp; after" time="0.004">
    </testcase>
    <testcase classname="测试 Input 以下行为 Input 设置 addOnBefore &amp; addOnAfter" name="测试 Input 以下行为 Input 设置 addOnBefore &amp; addOnAfter" time="0.005">
    </testcase>
    <testcase classname="测试 Input 以下行为 Input 设置 自定义类名" name="测试 Input 以下行为 Input 设置 自定义类名" time="0.001">
    </testcase>
    <testcase classname="测试 Input 以下行为 Input 设置 自定义样式" name="测试 Input 以下行为 Input 设置 自定义样式" time="0.004">
    </testcase>
  </testsuite>
</testsuites>